// Jest Snapshot v1, https://goo.gl/fbAQLP

exports[`snapshot renders correctly 1`] = `
<RCTSafeAreaView
  emulateUnlessSupported={true}
  style={
    Object {
      "alignItems": "center",
      "backgroundColor": "#E7CDEA",
      "flex": 1,
      "justifyContent": "center",
    }
  }
>
  <Image
    source={1}
    style={
      Object {
        "height": 200,
        "position": "absolute",
        "top": 60,
        "width": 200,
      }
    }
  />
  <TextInput
    allowFontScaling={true}
    autoCapitalize="none"
    onChangeText={[Function]}
    placeholder=" Email"
    placeholderTextColor="#771D98"
    rejectResponderTermination={true}
    style={
      Object {
        "backgroundColor": "white",
        "borderRadius": 15,
        "height": 50,
        "justifyContent": "center",
        "top": -20,
        "width": 300,
      }
    }
    underlineColorAndroid="transparent"
  />
  <TextInput
    allowFontScaling={true}
    onChangeText={[Function]}
    placeholder=" Password"
    placeholderTextColor="#771D98"
    rejectResponderTermination={true}
    secureTextEntry={true}
    style={
      Object {
        "backgroundColor": "white",
        "borderRadius": 15,
        "height": 50,
        "justifyContent": "center",
        "top": -10,
        "width": 300,
      }
    }
    underlineColorAndroid="transparent"
  />
  <View
    accessible={true}
    focusable={true}
    onClick={[Function]}
    onResponderGrant={[Function]}
    onResponderMove={[Function]}
    onResponderRelease={[Function]}
    onResponderTerminate={[Function]}
    onResponderTerminationRequest={[Function]}
    onStartShouldSetResponder={[Function]}
    style={
      Object {
        "backgroundColor": "white",
        "borderColor": "#771D98",
        "borderRadius": 25,
        "borderWidth": 5,
        "height": 50,
        "justifyContent": "center",
        "opacity": 1,
        "top": 30,
        "width": 300,
      }
    }
  >
    <Text
      style={
        Object {
          "color": "#771D98",
          "fontSize": 28,
          "fontWeight": "bold",
          "textAlign": "center",
          "top": 0,
        }
      }
    >
      Register
    </Text>
  </View>
  <Text
    style={
      Object {
        "color": "#771D98",
        "fontSize": 20,
        "fontWeight": "bold",
        "top": 40,
      }
    }
  >
    or with
  </Text>
  <View
    style={
      Object {
        "flexDirection": "row",
      }
    }
  >
    <Image
      source={1}
      style={
        Object {
          "height": 50,
          "marginHorizontal": 10,
          "position": "center",
          "top": 48,
          "width": 50,
        }
      }
    />
    <Image
      source={1}
      style={
        Object {
          "height": 50,
          "position": "center",
          "top": 48,
          "width": 50,
        }
      }
    />
  </View>
</RCTSafeAreaView>
`;
